device: cuda | torch 2.6.0+cu124 | NVIDIA GeForce GTX 1650
15:02:58  onetime_SPX_High       tcn c02  loss 0.007035  150 epochs   155 s  peak  292 MB
15:05:08  onetime_SPX_High       tcn c07  loss 0.000887  115 epochs   130 s  peak  408 MB
15:08:00  onetime_SPX_High       tcn c12  loss 0.001007  150 epochs   172 s  peak  408 MB
15:10:33  walkforward_SPX_High   tcn c02  loss 0.007059  150 epochs   153 s  peak  442 MB
15:13:02  walkforward_SPX_High   tcn c07  loss 0.001683  150 epochs   149 s  peak  408 MB
15:15:30  walkforward_SPX_High   tcn c12  loss 0.000939  150 epochs   148 s  peak  408 MB
15:18:33  onetime_SPX_High       trm c01  loss 0.051000   91 epochs   183 s  peak  410 MB
15:23:07  onetime_SPX_High       trm c05  loss 0.010303  142 epochs   273 s  peak  410 MB
15:27:56  onetime_SPX_High       trm c10  loss 0.062071  150 epochs   289 s  peak  410 MB
15:31:36  onetime_SPX_High       trm c15  loss 0.511573  113 epochs   220 s  peak  410 MB
15:36:04  walkforward_SPX_High   trm c04  loss 0.015560  138 epochs   268 s  peak  410 MB
15:41:10  walkforward_SPX_High   trm c09  loss 0.055178  117 epochs   306 s  peak  410 MB
15:47:28  walkforward_SPX_High   trm c13  loss 0.003682  150 epochs   377 s  peak  410 MB
15:49:44  onetime_SPX_Low        tcn c03  loss 0.005397  150 epochs   136 s  peak  408 MB
15:51:48  onetime_SPX_Low        tcn c07  loss 0.001038  137 epochs   124 s  peak  408 MB
15:54:18  onetime_SPX_Low        tcn c12  loss 0.000931  150 epochs   151 s  peak  408 MB
15:56:58  walkforward_SPX_Low    tcn c01  loss 0.011307  150 epochs   160 s  peak  408 MB
15:59:49  walkforward_SPX_Low    tcn c06  loss 0.001619  150 epochs   171 s  peak  408 MB
16:02:24  walkforward_SPX_Low    tcn c11  loss 0.003433  150 epochs   155 s  peak  408 MB
16:07:25  onetime_SPX_Low        trm c00  loss 0.035604  143 epochs   301 s  peak  410 MB
16:13:03  onetime_SPX_Low        trm c05  loss 0.009073  150 epochs   337 s  peak  410 MB
16:18:42  onetime_SPX_Low        trm c11  loss 0.012763  150 epochs   339 s  peak  410 MB
16:23:55  walkforward_SPX_Low    trm c00  loss 0.039196  150 epochs   313 s  peak  410 MB
16:28:52  walkforward_SPX_Low    trm c06  loss 0.015092  150 epochs   297 s  peak  410 MB
16:33:26  walkforward_SPX_Low    trm c12  loss 0.007418  133 epochs   273 s  peak  410 MB
16:38:48  walkforward_SPX_Low    trm c15  loss 0.332477  141 epochs   322 s  peak  410 MB
16:41:08  onetime_SSEC_High      tcn c10  loss 0.034933  150 epochs   139 s  peak  302 MB
16:43:23  onetime_SSEC_High      tcn c15  loss 0.000707  150 epochs   136 s  peak  406 MB
16:45:26  walkforward_SSEC_High  tcn c03  loss 0.006580  136 epochs   123 s  peak  406 MB
16:47:42  walkforward_SSEC_High  tcn c08  loss 0.003791  150 epochs   136 s  peak  406 MB
16:50:01  walkforward_SSEC_High  tcn c13  loss 0.000755  150 epochs   139 s  peak  406 MB
16:54:58  onetime_SSEC_High      trm c02  loss 0.035534  150 epochs   297 s  peak  406 MB
17:00:22  onetime_SSEC_High      trm c08  loss 0.009580  150 epochs   324 s  peak  406 MB
17:04:43  onetime_SSEC_High      trm c13  loss 0.003655  132 epochs   262 s  peak  406 MB
17:09:43  walkforward_SSEC_High  trm c00  loss 0.036151  150 epochs   300 s  peak  406 MB
17:14:16  walkforward_SSEC_High  trm c05  loss 0.006272  150 epochs   272 s  peak  406 MB
17:18:54  walkforward_SSEC_High  trm c10  loss 0.063616  150 epochs   278 s  peak  406 MB
17:23:00  walkforward_SSEC_High  trm c15  loss 0.512318  126 epochs   246 s  peak  406 MB
17:25:13  onetime_SSEC_Low       tcn c08  loss 0.003830  150 epochs   133 s  peak  406 MB
17:27:30  onetime_SSEC_Low       tcn c13  loss 0.000736  150 epochs   137 s  peak  406 MB
17:29:53  walkforward_SSEC_Low   tcn c01  loss 0.011404  150 epochs   142 s  peak  406 MB
17:32:15  walkforward_SSEC_Low   tcn c06  loss 0.001556  150 epochs   142 s  peak  406 MB
17:34:36  walkforward_SSEC_Low   tcn c12  loss 0.001050  150 epochs   141 s  peak  406 MB
17:38:43  onetime_SSEC_Low       trm c00  loss 0.033080  123 epochs   246 s  peak  406 MB
17:43:19  onetime_SSEC_Low       trm c05  loss 0.007607  150 epochs   277 s  peak  406 MB
17:46:29  onetime_SSEC_Low       trm c10  loss 0.260280   94 epochs   190 s  peak  406 MB
17:51:45  onetime_SSEC_Low       trm c15  loss 0.003992  150 epochs   315 s  peak  406 MB
20:44:16  walkforward_SSEC_Low   trm c03  loss 0.019394  129 epochs  10351 s  peak  406 MB
20:51:07  walkforward_SSEC_Low   trm c08  loss 0.013119  113 epochs   411 s  peak  406 MB
20:59:39  walkforward_SSEC_Low   trm c11  loss 0.013313  150 epochs   512 s  peak  406 MB
21:02:38  walkforward_SSEC_Low   trm c16  loss 0.512142  112 epochs   178 s  peak  406 MB
