device: cuda | torch 2.6.0+cu124 | NVIDIA GeForce GTX 1650
15:02:59  onetime_SPX_High       tcn c01  loss 0.011042  150 epochs   155 s  peak  292 MB
15:05:57  onetime_SPX_High       tcn c09  loss 0.010776  150 epochs   178 s  peak  408 MB
15:08:38  onetime_SPX_High       tcn c14  loss 0.000602  150 epochs   161 s  peak  408 MB
15:11:13  walkforward_SPX_High   tcn c03  loss 0.005573  150 epochs   155 s  peak  442 MB
15:13:40  walkforward_SPX_High   tcn c08  loss 0.004303  150 epochs   147 s  peak  408 MB
15:16:04  walkforward_SPX_High   tcn c13  loss 0.000595  150 epochs   144 s  peak  408 MB
15:20:58  onetime_SPX_High       trm c02  loss 0.033648  150 epochs   294 s  peak  410 MB
15:25:30  onetime_SPX_High       trm c07  loss 0.006225  141 epochs   272 s  peak  410 MB
15:29:00  onetime_SPX_High       trm c13  loss 0.004787  108 epochs   210 s  peak  410 MB
15:33:53  walkforward_SPX_High   trm c00  loss 0.041680  150 epochs   292 s  peak  410 MB
15:39:47  walkforward_SPX_High   trm c05  loss 0.011079  150 epochs   354 s  peak  410 MB
15:46:09  walkforward_SPX_High   trm c10  loss 0.078874  150 epochs   381 s  peak  410 MB
15:48:32  onetime_SPX_Low        tcn c00  loss 0.015730  150 epochs   143 s  peak  408 MB
15:50:19  onetime_SPX_Low        tcn c04  loss 0.006141  122 epochs   107 s  peak  408 MB
15:52:40  onetime_SPX_Low        tcn c08  loss 0.004751  150 epochs   141 s  peak  408 MB
15:55:17  onetime_SPX_Low        tcn c13  loss 0.000607  150 epochs   157 s  peak  408 MB
15:57:55  walkforward_SPX_Low    tcn c02  loss 0.006967  150 epochs   157 s  peak  408 MB
16:00:50  walkforward_SPX_Low    tcn c08  loss 0.004883  150 epochs   175 s  peak  408 MB
16:03:13  walkforward_SPX_Low    tcn c13  loss 0.000538  150 epochs   143 s  peak  408 MB
16:08:27  onetime_SPX_Low        trm c03  loss 0.017228  150 epochs   314 s  peak  410 MB
16:13:59  onetime_SPX_Low        trm c09  loss 0.036195  145 epochs   332 s  peak  410 MB
16:19:41  onetime_SPX_Low        trm c14  loss 0.004911  150 epochs   341 s  peak  410 MB
16:24:09  walkforward_SPX_Low    trm c03  loss 0.021689  131 epochs   268 s  peak  410 MB
16:29:07  walkforward_SPX_Low    trm c08  loss 0.010719  150 epochs   298 s  peak  410 MB
16:34:21  walkforward_SPX_Low    trm c13  loss 0.003851  150 epochs   314 s  peak  410 MB
16:36:26  onetime_SSEC_High      tcn c02  loss 0.008013  150 epochs   125 s  peak  302 MB
16:38:22  onetime_SSEC_High      tcn c05  loss 0.002252  139 epochs   117 s  peak  406 MB
16:40:41  onetime_SSEC_High      tcn c09  loss 0.009522  150 epochs   138 s  peak  406 MB
16:42:57  onetime_SSEC_High      tcn c14  loss 0.000447  150 epochs   136 s  peak  406 MB
16:45:12  walkforward_SSEC_High  tcn c02  loss 0.008139  150 epochs   134 s  peak  406 MB
16:47:29  walkforward_SSEC_High  tcn c07  loss 0.000729  150 epochs   137 s  peak  406 MB
16:49:49  walkforward_SSEC_High  tcn c12  loss 0.001156  150 epochs   140 s  peak  406 MB
16:54:46  onetime_SSEC_High      trm c01  loss 0.020075  150 epochs   297 s  peak  406 MB
16:58:52  onetime_SSEC_High      trm c07  loss 0.006379  112 epochs   246 s  peak  406 MB
17:03:53  onetime_SSEC_High      trm c11  loss 0.012076  150 epochs   301 s  peak  406 MB
17:07:36  onetime_SSEC_High      trm c16  loss 0.517215  112 epochs   223 s  peak  406 MB
17:11:54  walkforward_SSEC_High  trm c03  loss 0.017273  133 epochs   257 s  peak  406 MB
17:16:28  walkforward_SSEC_High  trm c08  loss 0.009010  150 epochs   274 s  peak  406 MB
17:21:11  walkforward_SSEC_High  trm c13  loss 0.003984  150 epochs   283 s  peak  406 MB
17:23:12  onetime_SSEC_Low       tcn c04  loss 0.004340  150 epochs   121 s  peak  406 MB
17:25:26  onetime_SSEC_Low       tcn c09  loss 0.012499  150 epochs   133 s  peak  406 MB
17:27:42  onetime_SSEC_Low       tcn c14  loss 0.000449  150 epochs   137 s  peak  406 MB
17:30:05  walkforward_SSEC_Low   tcn c02  loss 0.009020  150 epochs   143 s  peak  406 MB
17:32:07  walkforward_SSEC_Low   tcn c07  loss 0.000774  128 epochs   122 s  peak  406 MB
17:34:29  walkforward_SSEC_Low   tcn c11  loss 0.003859  150 epochs   142 s  peak  406 MB
17:36:25  walkforward_SSEC_Low   tcn c16  loss 0.504853  137 epochs   116 s  peak  406 MB
17:41:03  onetime_SSEC_Low       trm c04  loss 0.012312  148 epochs   278 s  peak  406 MB
17:44:57  onetime_SSEC_Low       trm c09  loss 0.047164  124 epochs   234 s  peak  406 MB
17:50:12  onetime_SSEC_Low       trm c11  loss 0.011866  150 epochs   314 s  peak  406 MB
17:53:38  onetime_SSEC_Low       trm c16  loss 0.516159  101 epochs   206 s  peak  406 MB
20:48:59  walkforward_SSEC_Low   trm c04  loss 0.012663  142 epochs  10520 s  peak  406 MB
20:57:03  walkforward_SSEC_Low   trm c09  loss 0.048431  150 epochs   484 s  peak  406 MB
21:00:57  walkforward_SSEC_Low   trm c15  loss 0.000253   69 epochs   235 s  peak  406 MB
