device: cuda | torch 2.6.0+cu124 | NVIDIA GeForce GTX 1650
15:02:57  onetime_SPX_High       tcn c00  loss 0.018433  150 epochs   154 s  peak  292 MB
15:04:57  onetime_SPX_High       tcn c06  loss 0.001871  108 epochs   120 s  peak  408 MB
15:07:53  onetime_SPX_High       tcn c10  loss 0.034371  150 epochs   175 s  peak  408 MB
15:09:09  onetime_SPX_High       tcn c15  loss 0.505655   76 epochs    76 s  peak  408 MB
15:11:16  walkforward_SPX_High   tcn c04  loss 0.006659  123 epochs   126 s  peak  442 MB
15:13:43  walkforward_SPX_High   tcn c09  loss 0.011801  150 epochs   147 s  peak  408 MB
15:16:07  walkforward_SPX_High   tcn c14  loss 0.000518  150 epochs   143 s  peak  408 MB
15:20:59  onetime_SPX_High       trm c03  loss 0.021161  150 epochs   292 s  peak  410 MB
15:24:59  onetime_SPX_High       trm c08  loss 0.013037  125 epochs   240 s  peak  410 MB
15:29:50  onetime_SPX_High       trm c11  loss 0.014371  150 epochs   290 s  peak  410 MB
15:34:40  walkforward_SPX_High   trm c01  loss 0.027049  150 epochs   290 s  peak  410 MB
15:40:45  walkforward_SPX_High   trm c06  loss 0.020196  150 epochs   365 s  peak  410 MB
15:45:55  walkforward_SPX_High   trm c12  loss 0.006527  123 epochs   310 s  peak  410 MB
15:51:12  walkforward_SPX_High   trm c15  loss 0.547513  136 epochs   317 s  peak  410 MB
15:53:38  onetime_SPX_Low        tcn c10  loss 0.031070  150 epochs   145 s  peak  408 MB
15:55:18  onetime_SPX_Low        tcn c15  loss 0.337348   93 epochs   100 s  peak  408 MB
15:57:55  walkforward_SPX_Low    tcn c03  loss 0.005617  150 epochs   156 s  peak  410 MB
16:00:38  walkforward_SPX_Low    tcn c07  loss 0.000777  139 epochs   163 s  peak  408 MB
16:03:03  walkforward_SPX_Low    tcn c12  loss 0.000999  150 epochs   144 s  peak  408 MB
16:07:42  onetime_SPX_Low        trm c02  loss 0.028403  135 epochs   279 s  peak  410 MB
16:13:12  onetime_SPX_Low        trm c06  loss 0.020973  146 epochs   330 s  peak  410 MB
16:18:50  onetime_SPX_Low        trm c12  loss 0.008109  150 epochs   338 s  peak  410 MB
16:24:02  walkforward_SPX_Low    trm c01  loss 0.024187  150 epochs   312 s  peak  410 MB
16:28:30  walkforward_SPX_Low    trm c07  loss 0.006744  136 epochs   268 s  peak  410 MB
16:33:39  walkforward_SPX_Low    trm c11  loss 0.011564  150 epochs   309 s  peak  410 MB
16:35:44  onetime_SSEC_High      tcn c01  loss 0.008147  150 epochs   125 s  peak  302 MB
16:37:43  onetime_SSEC_High      tcn c04  loss 0.005165  146 epochs   119 s  peak  406 MB
16:39:58  onetime_SSEC_High      tcn c07  loss 0.000786  150 epochs   135 s  peak  406 MB
16:42:14  onetime_SSEC_High      tcn c11  loss 0.003955  150 epochs   136 s  peak  406 MB
16:43:56  onetime_SSEC_High      tcn c16  loss 0.509566  114 epochs   101 s  peak  406 MB
16:46:10  walkforward_SSEC_High  tcn c04  loss 0.004792  150 epochs   134 s  peak  406 MB
16:48:27  walkforward_SSEC_High  tcn c09  loss 0.009726  150 epochs   136 s  peak  406 MB
16:50:38  walkforward_SSEC_High  tcn c14  loss 0.000501  150 epochs   131 s  peak  406 MB
16:54:34  onetime_SSEC_High      trm c03  loss 0.019131  120 epochs   236 s  peak  406 MB
16:59:55  onetime_SSEC_High      trm c06  loss 0.007576  150 epochs   321 s  peak  406 MB
17:04:53  onetime_SSEC_High      trm c12  loss 0.007387  150 epochs   298 s  peak  406 MB
17:09:51  walkforward_SSEC_High  trm c01  loss 0.022390  150 epochs   298 s  peak  406 MB
17:14:22  walkforward_SSEC_High  trm c06  loss 0.010194  150 epochs   271 s  peak  406 MB
17:18:59  walkforward_SSEC_High  trm c11  loss 0.013006  150 epochs   277 s  peak  406 MB
17:20:50  onetime_SSEC_Low       tcn c00  loss 0.020288  150 epochs   111 s  peak  406 MB
17:22:47  onetime_SSEC_Low       tcn c02  loss 0.008371  150 epochs   117 s  peak  406 MB
17:25:01  onetime_SSEC_Low       tcn c07  loss 0.000756  150 epochs   134 s  peak  406 MB
17:27:17  onetime_SSEC_Low       tcn c12  loss 0.001155  150 epochs   136 s  peak  406 MB
17:29:38  walkforward_SSEC_Low   tcn c00  loss 0.023721  150 epochs   141 s  peak  406 MB
17:31:27  walkforward_SSEC_Low   tcn c05  loss 0.002532  115 epochs   109 s  peak  406 MB
17:33:49  walkforward_SSEC_Low   tcn c09  loss 0.009512  150 epochs   142 s  peak  406 MB
17:36:01  walkforward_SSEC_Low   tcn c13  loss 0.000618  150 epochs   132 s  peak  406 MB
17:40:34  onetime_SSEC_Low       trm c02  loss 0.031752  144 epochs   272 s  peak  406 MB
17:45:16  onetime_SSEC_Low       trm c07  loss 0.004494  150 epochs   282 s  peak  406 MB
17:50:27  onetime_SSEC_Low       trm c13  loss 0.003751  150 epochs   311 s  peak  406 MB
20:43:33  walkforward_SSEC_Low   trm c01  loss 0.021709  150 epochs  10386 s  peak  406 MB
20:52:05  walkforward_SSEC_Low   trm c06  loss 0.024124  147 epochs   511 s  peak  406 MB
21:00:44  walkforward_SSEC_Low   trm c12  loss 0.005005  150 epochs   519 s  peak  406 MB
